// Vitest Snapshot v1

exports[`svelte/Form > renders correctly - loading next step 1`] = `
<div>
  <form
    class="gincko"
    id="test"
  >
    <div
      class="gincko__steps"
    >
      
      <div
        id="step"
      >
        {"step":{"id":"start"},"index":0,"isActive":false,"customComponents":{}}
      </div>
      <!--&lt;Step&gt;-->
      
      <div
        id="step"
      >
        {"step":{"id":"end"},"index":1,"isActive":true,"customComponents":{}}
      </div>
      <!--&lt;Step&gt;-->
       
      <div
        slot="loader"
      >
        LOADING...
      </div>
    </div>
  </form>
  <!--&lt;Form&gt;-->
  <!--&lt;TestForm&gt;-->
</div>
`;

exports[`svelte/Form > renders correctly - loading next step 2`] = `
<div>
  <form
    class="gincko"
    id="test"
  >
    <div
      class="gincko__steps"
    >
      
      <div
        id="step"
      >
        {"step":{"id":"start"},"index":0,"isActive":false,"customComponents":{}}
      </div>
      <!--&lt;Step&gt;-->
      
      <div
        id="step"
      >
        {"step":{"id":"end"},"index":1,"isActive":true,"customComponents":{}}
      </div>
      <!--&lt;Step&gt;-->
       
      <div
        slot="loader"
      >
        LOADING...
      </div>
    </div>
  </form>
  <!--&lt;Form&gt;-->
  <!--&lt;TestForm&gt;-->
</div>
`;

exports[`svelte/Form > renders correctly - with active step 1`] = `
<div>
  <form
    class="gincko"
    id="test"
  >
    <div
      class="gincko__steps"
    >
      
      <div
        id="step"
      >
        {"step":{"id":"start"},"index":0,"isActive":false,"customComponents":{}}
      </div>
      <!--&lt;Step&gt;-->
      
      <div
        id="step"
      >
        {"step":{"id":"end"},"index":1,"isActive":true,"customComponents":{}}
      </div>
      <!--&lt;Step&gt;-->
       
      <div
        slot="loader"
      >
        LOADING...
      </div>
    </div>
  </form>
  <!--&lt;Form&gt;-->
  <!--&lt;TestForm&gt;-->
</div>
`;
