// Jest Snapshot v1, https://goo.gl/fbAQLP

exports[`vue/components/Field Button 1`] = `"<div id=\\"Button\\" label=\\"Test\\" modifiers=\\"initial  \\"></div>"`;

exports[`vue/components/Field Checkbox 1`] = `"<div id=\\"Checkbox\\" name=\\"Checkbox\\" label=\\"Test\\" options=\\"[object Object],[object Object]\\" modifiers=\\"initial \\"></div>"`;

exports[`vue/components/Field Dropdown 1`] = `"<div id=\\"Dropdown\\" name=\\"Dropdown\\" label=\\"Test\\" options=\\"[object Object],[object Object]\\" modifiers=\\"initial \\"></div>"`;

exports[`vue/components/Field FileUploader 1`] = `"<div id=\\"FileUploader\\" name=\\"FileUploader\\" label=\\"Test\\" modifiers=\\"initial \\"></div>"`;

exports[`vue/components/Field Message with empty label 1`] = `"<section id=\\"Message\\" class=\\"ui-message initial,\\"></section>"`;

exports[`vue/components/Field Message with label 1`] = `"<section id=\\"Message\\" class=\\"ui-message initial,\\">Test test</section>"`;

exports[`vue/components/Field Radio 1`] = `"<div id=\\"Radio\\" name=\\"Radio\\" label=\\"Test\\" options=\\"[object Object],[object Object]\\" modifiers=\\"initial \\"></div>"`;

exports[`vue/components/Field Textarea - active step, readonly option is \`true\` 1`] = `"<div id=\\"Textarea\\" name=\\"Textarea\\" label=\\"Test\\" debouncetimeout=\\"100\\" readonly=\\"readonly\\" modifiers=\\"initial \\"></div>"`;

exports[`vue/components/Field Textarea - active then inactive step 1`] = `"<div id=\\"Textarea\\" name=\\"Textarea\\" label=\\"Test\\" debouncetimeout=\\"100\\" modifiers=\\"initial \\"></div>"`;

exports[`vue/components/Field Textarea - active then inactive step 2`] = `"<div id=\\"Textarea\\" name=\\"Textarea\\" label=\\"Test\\" debouncetimeout=\\"100\\" modifiers=\\"initial \\" readonly=\\"readonly\\"></div>"`;

exports[`vue/components/Field Textarea - with no onFocus method 1`] = `"<div id=\\"Textarea\\" name=\\"Textarea\\" label=\\"Test\\" debouncetimeout=\\"100\\" modifiers=\\"initial \\"></div>"`;

exports[`vue/components/Field Textarea - with onFocus method, inactive step 1`] = `"<div id=\\"Textarea\\" name=\\"Textarea\\" label=\\"Test\\" debouncetimeout=\\"100\\" readonly=\\"readonly\\" modifiers=\\"initial \\"></div>"`;

exports[`vue/components/Field Textarea - with onFocus method, inactive step 2`] = `"<div id=\\"Textarea\\" name=\\"Textarea\\" label=\\"Test\\" debouncetimeout=\\"100\\" modifiers=\\"initial \\"></div>"`;

exports[`vue/components/Field Textfield - active step, readonly option is \`true\` 1`] = `"<div id=\\"Textfield\\" name=\\"Textfield\\" label=\\"Test\\" readonly=\\"readonly\\" debouncetimeout=\\"100\\" modifiers=\\"initial  \\"></div>"`;

exports[`vue/components/Field Textfield - active then inactive step 1`] = `"<div id=\\"Textfield\\" name=\\"Textfield\\" label=\\"Test\\" debouncetimeout=\\"100\\" modifiers=\\"initial  \\"></div>"`;

exports[`vue/components/Field Textfield - active then inactive step 2`] = `"<div id=\\"Textfield\\" name=\\"Textfield\\" label=\\"Test\\" debouncetimeout=\\"100\\" modifiers=\\"initial  \\" readonly=\\"readonly\\"></div>"`;

exports[`vue/components/Field Textfield - with no onFocus method 1`] = `"<div id=\\"Textfield\\" name=\\"Textfield\\" label=\\"Test\\" debouncetimeout=\\"100\\" modifiers=\\"initial  \\"></div>"`;

exports[`vue/components/Field Textfield - with onFocus method, inactive step 1`] = `"<div id=\\"Textfield\\" name=\\"Textfield\\" label=\\"Test\\" readonly=\\"readonly\\" debouncetimeout=\\"100\\" modifiers=\\"initial  \\"></div>"`;

exports[`vue/components/Field Textfield - with onFocus method, inactive step 2`] = `"<div id=\\"Textfield\\" name=\\"Textfield\\" label=\\"Test\\" debouncetimeout=\\"100\\" modifiers=\\"initial  \\"></div>"`;

exports[`vue/components/Field unknown field type 1`] = `""`;
